
> online-shopping-stores@0.0.0 build
> vue-tsc -b && vite build

src/components/NavBar.vue(99,17): error TS2345: Argument of type '{ style: { 'mask-image': `url(${string})`; '-webkit-mask-image': `url(${string})`; 'mask-size': string; '-webkit-mask-size': string; 'mask-repeat': "no-repeat"; '-webkit-mask-repeat': "no-repeat"; 'mask-position': string; '-webkit-mask-position': string; 'mask-mode': "luminance"; '-webkit-mask-mode': string; 'pointe...' is not assignable to parameter of type 'HTMLAttributes & ReservedProps & Record<string, unknown>'.
  Types of property 'style' are incompatible.
    Object literal may only specify known properties, and ''-webkit-mask-mode'' does not exist in type 'CSSProperties | StyleValue[]'.
